`../../../src/results/B_400Bytes_P_1000Bytes_Q_5-0.sca' -> `./B_400Bytes_P_1000Bytes_Q_5-0.sca'
