`../../../src/singlechannel/LowDensityScenario.net.xml' -> `LowDensityScenario.net.xml'
