`../../../src/singlechannel/LowDensityScenario.launchd.xml' -> `LowDensityScenario.launchd.xml'
