`../../../src/results/SingleCH_Safety_B_400Bytes_P_1000Bytes_Q_1-0.sca' -> `./SingleCH_Safety_B_400Bytes_P_1000Bytes_Q_1-0.sca'
