`../../../src/results/SingleCH_Safety_B_100Bytes_Q_100-0.sca' -> `./SingleCH_Safety_B_100Bytes_Q_100-0.sca'
