`../../../src/results/SlidesParams_B_400Bytes_P_1000Bytes_Q_5-0.sca' -> `./SlidesParams_B_400Bytes_P_1000Bytes_Q_5-0.sca'
