OMNeT++ Discrete Event Simulation  (C) 1992-2014 Andras Varga, OpenSim Ltd.
Version: 4.6, build: 141202-f785492, edition: Academic Public License -- NOT FOR COMMERCIAL USE
See the license for distribution terms and warranty disclaimer
Setting up Cmdenv...
Loading NED files from .: 2

Preparing for running configuration General, run #0...
Scenario: $repetition=0
Assigned runID=General-0-20160808-14:05:51-8841
Setting up network `Test'...
Initializing...
Initializing module Test, stage 0

Running simulation...
** Event #1  T=0   Test (Test, id=1)
WHAT UP 

<!> No more events -- simulation ended at event #2, t=0.


Calling finish() at end of Run #0...

End.
